$ bun ./scripts/sync-version.ts
$ vite build
[33m[plugin vite:esbuild] ../../node_modules/.bun/virtua@0.42.3+6aafef2e0f52e807/node_modules/virtua/lib/solid/index.jsx: [33mThe JSX import source cannot be set without also enabling React's "automatic" JSX transform[33m
1535 |  
1536 |  /**
1537 |   * @jsxImportSource solid-js
     |                      ^
1538 |   */
1539 |  /**
[39m
[33m[plugin vite:reporter] 
(!) C:/算法/小应用/知识库/10_Projects/Lfcode/packages/app/src/components/dialog-select-model.tsx is dynamically imported by C:/算法/小应用/知识库/10_Projects/Lfcode/packages/app/src/pages/session/use-session-commands.tsx but also statically imported by C:/算法/小应用/知识库/10_Projects/Lfcode/packages/app/src/components/prompt-input.tsx, C:/算法/小应用/知识库/10_Projects/Lfcode/packages/app/src/components/prompt-input/control-strip.tsx, C:/算法/小应用/知识库/10_Projects/Lfcode/packages/app/src/pages/session/tavern-session-page.tsx, dynamic import will not move module into another chunk.
[39m
[33m[plugin vite:reporter] 
(!) C:/算法/小应用/知识库/10_Projects/Lfcode/packages/ui/src/components/monaco-kernel.ts is dynamically imported by C:/算法/小应用/知识库/10_Projects/Lfcode/packages/app/src/components/code-editor/core/runtime.ts but also statically imported by C:/算法/小应用/知识库/10_Projects/Lfcode/packages/app/src/components/code-editor/core/instance-controller.ts, C:/算法/小应用/知识库/10_Projects/Lfcode/packages/app/src/components/code-editor/core/navigation.ts, C:/算法/小应用/知识库/10_Projects/Lfcode/packages/app/src/components/code-editor/core/runtime-core.ts, C:/算法/小应用/知识库/10_Projects/Lfcode/packages/ui/src/components/code-diff-runtime.ts, dynamic import will not move module into another chunk.
[39m
[33m
(!) Some chunks are larger than 500 kB after minification. Consider:
- Using dynamic import() to code-split the application
- Use build.rollupOptions.output.manualChunks to improve chunking: https://rollupjs.org/configuration-options/#output-manualchunks
- Adjust chunk size limit for this warning via build.chunkSizeWarningLimit.[39m
