$ vite dev --host 0.0.0.0
Error: Transform failed with 1 error:
error: Invalid define value (must be an entity name or JS literal): "C:\算法\小应用\知识库\10_Projects\Lfcode\packages\console\app\src\app.tsx"
    at failureErrorWithLog (C:\算法\小应用\知识库\10_Projects\Lfcode\node_modules\.bun\esbuild@0.25.12\node_modules\esbuild\lib\main.js:1467:15)
    at C:\算法\小应用\知识库\10_Projects\Lfcode\node_modules\.bun\esbuild@0.25.12\node_modules\esbuild\lib\main.js:736:50
    at responseCallbacks.<computed> (C:\算法\小应用\知识库\10_Projects\Lfcode\node_modules\.bun\esbuild@0.25.12\node_modules\esbuild\lib\main.js:603:9)
    at handleIncomingPacket (C:\算法\小应用\知识库\10_Projects\Lfcode\node_modules\.bun\esbuild@0.25.12\node_modules\esbuild\lib\main.js:658:12)
    at Socket.readFromStdout (C:\算法\小应用\知识库\10_Projects\Lfcode\node_modules\.bun\esbuild@0.25.12\node_modules\esbuild\lib\main.js:581:7)
    at Socket.emit (node:events:508:28)
    at addChunk (node:internal/streams/readable:563:12)
    at readableAddChunkPushByteMode (node:internal/streams/readable:514:3)
    at Readable.push (node:internal/streams/readable:394:5)
    at Pipe.onStreamRead (node:internal/stream_base_commons:189:23) {
  errors: [
    {
      detail: undefined,
      id: '',
      location: null,
      notes: [],
      pluginName: '',
      text: 'Invalid define value (must be an entity name or JS literal): "C:\\算法\\小应用\\知识库\\10_Projects\\Lfcode\\packages\\console\\app\\src\\app.tsx"'
    }
  ],
  warnings: [],
  plugin: 'vite:define',
  id: 'C:/算法/小应用/知识库/10_Projects/Lfcode/node_modules/.bun/@solidjs+start@https+++pkg.pr.new+@solidjs+start@dfb2020+48c1d59e4f202212/node_modules/@solidjs/start/dist/shared/lazy.js',
  pluginCode: 'import { lazy as solidLazy } from "solid-js";\n' +
    'import { getRequestEvent, isServer } from "solid-js/web";\n' +
    'import { getManifest } from "solid-start:get-manifest";\n' +
    'import { useAssets } from "../server/assets/index.js";\n' +
    'const assetsById = {};\n' +
    'const getAssets = async id => {\n' +
    '  if (assetsById[id]) return assetsById[id];\n' +
    '  const manifest = getManifest(import.meta.env.SSR && import.meta.env.DEV ? "ssr" : "client");\n' +
    '  const assets = await manifest.getAssets(id);\n' +
    '  if (import.meta.env.PROD) assetsById[id] = assets;\n' +
    '  return assets;\n' +
    '};\n' +
    'const withAssets = function (fn) {\n' +
    '  const wrapper = async () => {\n' +
    '    const mod = await fn();\n' +
    '    // This id$$ export is generated by the lazy vite plugin\n' +
    '    const id = mod.id$$;\n' +
    '    if (!id) return mod;\n' +
    '    if (!mod.default) {\n' +
    '      console.error(`Module ${id} does not export default`);\n' +
    '      return {\n' +
    '        default: () => []\n' +
    '      };\n' +
    '    }\n' +
    '    const assets = await getAssets(id);\n' +
    '    if (!assets.length) return mod;\n' +
    '    return {\n' +
    '      default: props => {\n' +
    '        const {\n' +
    '          nonce\n' +
    '        } = getRequestEvent();\n' +
    '        useAssets(assets, nonce);\n' +
    '        return mod.default(props);\n' +
    '      }\n' +
    '    };\n' +
    '  };\n' +
    '  return wrapper;\n' +
    '};\n' +
    'const lazy = !isServer ? solidLazy : fn => solidLazy(withAssets(fn));\n' +
    'export default lazy;',
  runnerError: Error: RunnerError
      at reviveInvokeError (file:///C:/%E7%AE%97%E6%B3%95/%E5%B0%8F%E5%BA%94%E7%94%A8/%E7%9F%A5%E8%AF%86%E5%BA%93/10_Projects/Lfcode/node_modules/.bun/vite@7.1.4+57f9c5e1abcc335a/node_modules/vite/dist/node/module-runner.js:476:64)
      at Object.invoke (file:///C:/%E7%AE%97%E6%B3%95/%E5%B0%8F%E5%BA%94%E7%94%A8/%E7%9F%A5%E8%AF%86%E5%BA%93/10_Projects/Lfcode/node_modules/.bun/vite@7.1.4+57f9c5e1abcc335a/node_modules/vite/dist/node/module-runner.js:549:11)
      at ModuleRunner.getModuleInformation (file:///C:/%E7%AE%97%E6%B3%95/%E5%B0%8F%E5%BA%94%E7%94%A8/%E7%9F%A5%E8%AF%86%E5%BA%93/10_Projects/Lfcode/node_modules/.bun/vite@7.1.4+57f9c5e1abcc335a/node_modules/vite/dist/node/module-runner.js:1059:7)
      at request (file:///C:/%E7%AE%97%E6%B3%95/%E5%B0%8F%E5%BA%94%E7%94%A8/%E7%9F%A5%E8%AF%86%E5%BA%93/10_Projects/Lfcode/node_modules/.bun/vite@7.1.4+57f9c5e1abcc335a/node_modules/vite/dist/node/module-runner.js:1076:83)
      at C:/算法/小应用/知识库/10_Projects/Lfcode/node_modules/.bun/@solidjs+start@https+++pkg.pr.new+@solidjs+start@dfb2020+48c1d59e4f202212/node_modules/@solidjs/start/dist/server/index.jsx:1:1
      at ESModulesEvaluator.runInlinedModule (file:///C:/%E7%AE%97%E6%B3%95/%E5%B0%8F%E5%BA%94%E7%94%A8/%E7%9F%A5%E8%AF%86%E5%BA%93/10_Projects/Lfcode/node_modules/.bun/vite@7.1.4+57f9c5e1abcc335a/node_modules/vite/dist/node/module-runner.js:910:3)
      at ModuleRunner.directRequest (file:///C:/%E7%AE%97%E6%B3%95/%E5%B0%8F%E5%BA%94%E7%94%A8/%E7%9F%A5%E8%AF%86%E5%BA%93/10_Projects/Lfcode/node_modules/.bun/vite@7.1.4+57f9c5e1abcc335a/node_modules/vite/dist/node/module-runner.js:1119:59)
      at ModuleRunner.cachedRequest (file:///C:/%E7%AE%97%E6%B3%95/%E5%B0%8F%E5%BA%94%E7%94%A8/%E7%9F%A5%E8%AF%86%E5%BA%93/10_Projects/Lfcode/node_modules/.bun/vite@7.1.4+57f9c5e1abcc335a/node_modules/vite/dist/node/module-runner.js:1037:73)
      at C:/算法/小应用/知识库/10_Projects/Lfcode/packages/console/app/src/entry-server.tsx:2:1
      at ESModulesEvaluator.runInlinedModule (file:///C:/%E7%AE%97%E6%B3%95/%E5%B0%8F%E5%BA%94%E7%94%A8/%E7%9F%A5%E8%AF%86%E5%BA%93/10_Projects/Lfcode/node_modules/.bun/vite@7.1.4+57f9c5e1abcc335a/node_modules/vite/dist/node/module-runner.js:910:3)
}
error: script "dev" exited with code 255
